E1
constraints = NCubeV.AST.Formula[
-1.0*x1<=0.0, 1.0*x1<=16.38, -1.0*x2<=73.19, 1.0*x2<=0.0, -1.0*x3<=0.0, 1.0*x3<=100.0, -1.0*x1<0.0, -1.0*x1<=0.0, 1.0*x1<=100.0, -1.0*x2<=200.0, 1.0*x2<=200.0, -1.0*x3<=100.0, 1.0*x3<=100.0, 1.0*x3<100.0, -1.0*x3<=100.0, 1.0*x3<100.0, -1.0*x3<=0.0, -1.0*x3<0.0, -1.0*x2-0.1*x3<=0.0, 1.0*x20.1*x3<=0.0, 1.0*x2<=0.0, 1.0*x2<0.0, -2.0*x3<0.0, -2.0*x3<=0.0, -1.0*x3<0.0, -1.0*x3<=0.0,
((-1.0*rPos)+(0.004999999999999999*(rVel^2.0)))<=0.0, ((-0.005000000000000001*rAccpost)+(-0.1*rVel)+(-1.0*rPos)+(5.0e-5*(rAccpost^2.0))+(0.004999999999999999*(rVel^2.0))+(0.001*rAccpost*rVel))<0.0, !(((rVel^2.0)+(-2.0*rAccpost*rPos))<0.0), ((-1.0*(rVel^2.0))+(2.0*rAccpost*rPos))<0.0, !(((-0.1*rVel)+(-1.0*rPos)+(0.004999999999999999*(rVel^2.0)))<0.0)]
res = :SAT
E2
constraints = NCubeV.AST.Formula[
-1.0*x1<=0.0, 1.0*x1<=16.38, -1.0*x2<=73.19, 1.0*x2<=0.0, -1.0*x3<=0.0, 1.0*x3<=100.0, -1.0*x1<0.0, -1.0*x1<=0.0, 1.0*x1<=100.0, -1.0*x2<=200.0, 1.0*x2<=200.0, -1.0*x3<=100.0, 1.0*x3<=100.0, 1.0*x3<100.0, -1.0*x3<=100.0, 1.0*x3<100.0, -1.0*x3<=0.0, -1.0*x3<0.0, -1.0*x2-0.1*x3<=0.0, 1.0*x20.1*x3<=0.0, 1.0*x2<=0.0, 1.0*x2<0.0, -2.0*x3<0.0, -2.0*x3<=0.0, -1.0*x3<0.0, -1.0*x3<=0.0, -1.0*x1-2.0*x2<=200.0, 1.0*x11.12*x20.04*x3<=30.75, -1.0*x1-2.05*x20.11*x3<250.15, -228.84*x1200.0*x2-16.97*x3<=1373.25, -228.84*x1200.0*x2-16.97*x3<1373.25, 1.0*x11.1*x2<=0.0, ((-1.0*rPos)+(0.004999999999999999*(rVel^2.0)))<=0.0, ((-0.005000000000000001*rAccpost)+(-0.1*rVel)+(-1.0*rPos)+(5.0e-5*(rAccpost^2.0))+(0.004999999999999999*(rVel^2.0))+(0.001*rAccpost*rVel))<0.0, !(((rVel^2.0)+(-2.0*rAccpost*rPos))<0.0), 
((-1.0*(rVel^2.0))+(2.0*rAccpost*rPos))<0.0, !(((-0.1*rVel)+(-1.0*rPos)+(0.004999999999999999*(rVel^2.0)))<0.0)]
res = :SAT
E3
constraints = NCubeV.AST.Formula[
-1.0*x1<=0.0, 1.0*x1<=16.38, -1.0*x2<=73.19, 1.0*x2<=0.0, -1.0*x3<=0.0, 1.0*x3<=100.0, -1.0*x1<0.0, -1.0*x1<=0.0, 1.0*x1<=100.0, -1.0*x2<=200.0, 1.0*x2<=200.0, -1.0*x3<=100.0, 1.0*x3<=100.0, 1.0*x3<100.0, -1.0*x3<=100.0, 1.0*x3<100.0, -1.0*x3<=0.0, -1.0*x3<0.0, -1.0*x2-0.1*x3<=0.0, 1.0*x20.1*x3<=0.0, 1.0*x2<=0.0, 1.0*x2<0.0, -2.0*x3<0.0, -2.0*x3<=0.0, -1.0*x3<0.0, -1.0*x3<=0.0, -1.0*x1-2.0*x2<=200.0, 1.0*x11.12*x20.04*x3<=30.75, -1.0*x1-2.05*x20.11*x3<250.15, -228.84*x1200.0*x2-16.97*x3<=1373.25, -228.84*x1200.0*x2-16.97*x3<1373.25, 1.0*x11.1*x2<=0.0, ((-1.0*rPos)+(0.004999999999999999*(rVel^2.0)))<=0.0, ((-0.005000000000000001*rAccpost)+(-0.1*rVel)+(-1.0*rPos)+(5.0e-5*(rAccpost^2.0))+(0.004999999999999999*(rVel^2.0))+(0.001*rAccpost*rVel))<0.0, !(((rVel^2.0)+(-2.0*rAccpost*rPos))<0.0),
!(((-1.0*(rVel^2.0))+(2.0*rAccpost*rPos))<0.0), !(((-0.1*rVel)+(-1.0*rPos)+(0.004999999999999999*(rVel^2.0)))<0.0)]
res = :SAT
E4
constraints = NCubeV.AST.Formula[
-1.0*x1<=0.0, 1.0*x1<=16.38, -1.0*x2<=73.19, 1.0*x2<=0.0, -1.0*x3<=0.0, 1.0*x3<=100.0, -1.0*x1<0.0, -1.0*x1<=0.0, 1.0*x1<=100.0, -1.0*x2<=200.0, 1.0*x2<=200.0, -1.0*x3<=100.0, 1.0*x3<=100.0, 1.0*x3<100.0, -1.0*x3<=100.0, 1.0*x3<100.0, -1.0*x3<=0.0, -1.0*x3<0.0, -1.0*x2-0.1*x3<=0.0, 1.0*x20.1*x3<=0.0, 1.0*x2<=0.0, 1.0*x2<0.0, -2.0*x3<0.0, -2.0*x3<=0.0, -1.0*x3<0.0, -1.0*x3<=0.0, -1.0*x1-2.0*x2<=200.0, 1.0*x11.12*x20.04*x3<=30.75, -1.0*x1-2.05*x20.11*x3<250.15, -228.84*x1200.0*x2-16.97*x3<=1373.25, -228.84*x1200.0*x2-16.97*x3<1373.25, 1.0*x11.1*x2<=0.0, ((-1.0*rPos)+(0.004999999999999999*(rVel^2.0)))<=0.0, !(((-0.005000000000000001*rAccpost)+(-0.1*rVel)+(-1.0*rPos)+(5.0e-5*(rAccpost^2.0))+(0.004999999999999999*(rVel^2.0))+(0.001*rAccpost*rVel))<0.0), !(((rVel^2.0)+(-2.0*rAccpost*rPos))<0.0), !(((-1.0*(rVel^2.0))+(2.0*rAccpost*rPos))<0.0), !(((-0.1*rVel)+(-1.0*rPos)+(0.004999999999999999*(rVel^2.0)))<0.0)]
res = :UNSAT
E5
constraints = NCubeV.AST.Formula[
-1.0*x1<=0.0, 1.0*x1<=16.38, -1.0*x2<=73.19, 1.0*x2<=0.0, -1.0*x3<=-0.01, 1.0*x3<=100.01, -1.0*x1<0.0, -1.0*x1<=0.0, 1.0*x1<=100.0, -1.0*x2<=200.0, 1.0*x2<=200.0, -1.0*x3<=100.0, 1.0*x3<=100.01, 1.0*x2<=0.1, 1.0*x2<-2.1, 1.0*x3<100.0, 1.0*x3<100.0, -1.0*x3<=0.0, -1.0*x3<0.0, -1.0*x2-0.1*x3<=0.0, 1.0*x2<=0.0, 1.0*x2<0.0, -2.0*x3<0.0, -2.0*x3<=0.0, -1.0*x3<0.0, -1.0*x3<=0.0, -1.0*x1-2.0*x2<=200.0, 1.0*x11.12*x20.04*x3<=30.75, -228.84*x1200.0*x2-16.97*x3<=1373.22, -228.84*x1200.0*x2-16.97*x3<1373.22, 1.0*x11.1*x2<=0.0, ((-1.0*rPos)+(0.004999999999999999*(rVel^2.0)))<=0.0, !(((-0.005000000000000001*rAccpost)+(-0.1*rVel)+(-1.0*rPos)+(5.0e-5*(rAccpost^2.0))+(0.004999999999999999*(rVel^2.0))+(0.001*rAccpost*rVel))<0.0), !(((rVel^2.0)+(-2.0*rAccpost*rPos))<0.0), !(((-1.0*(rVel^2.0))+(2.0*rAccpost*rPos))<0.0), !(((-0.1*rVel)+(-1.0*rPos)+(0.004999999999999999*(rVel^2.0)))<0.0)]
res = :UNSAT


E2

x1 = 0.44999999999999996
x2 = -9.0
x3 = 90.0

list = [1.0*x1<=16.38,
-1.0*x2<=73.19,
-1.0*x1<0.0, 
1.0*x3<100.0, 
-1.0*x3<0.0, 
-1.0*x2-0.1*x3<=0.0, 
1.0*x2+0.1*x3<=0.0, 
1.0*x2<=0.0, 
-1.0*x1-2.0*x2<=200.0, 
1.0*x1+1.12*x2+0.04*x3<=30.75,
-1.0*x1-2.05*x2+0.11*x3<250.15, 
-228.84*x1+200.0*x2-16.97*x3<=1373.25, 
-228.84*x1+200.0*x2-16.97*x3<1373.25, 
1.0*x1+1.1*x2<=0.0, 
(-1.0*x1)+(0.004999999999999999*(x2^2.0))<=0.0,
(-0.005000000000000001*x3)+(-0.1*x2)+(-1.0*x1)+(5.0e-5*(x3^2.0))+(0.004999999999999999*(x2^2.0))+(0.001*x3*x2)<0.0, 
!((x2^2.0)+(-2.0*x3*x1)<0.0),
-1.0*(x2^2.0)+(2.0*x3*x1)<0.0, 
!((-0.1*x2)+(-1.0*x1)+(0.004999999999999999*(x2^2.0))<0.0) 
]
for (i,l) in enumerate(list)
   println("Constraint $i: $l")
end

l1 = LinearConstraint([1,0], 16.38, true)
l2 = LinearConstraint([0,-1], 73.19, true)
l3 = LinearConstraint([-1,0], 0.0, false)
l4 = LinearConstraint([0,0,1], 100.0, false)
l5 = LinearConstraint([0,0,-1], 0.0, false)
l6 = LinearConstraint([0,-1,-0.1], 0.0, true)
l7 = LinearConstraint([0,1,0.1], 0.0, true)
l8 = LinearConstraint([0,1], 0.0, true)
l9 = LinearConstraint([-1,-2], 200.0, true)
l10 = LinearConstraint([1,1.12,0.04], 30.75, true)
l11 = LinearConstraint([-1,-2.05,0.11], 250.15, false)
l12 = LinearConstraint([-228.84,200.0,-16.97], 1373.25, true)
l13 = LinearConstraint([-228.84,200.0,-16.97], 1373.25, false)
l14 = LinearConstraint([1,1.1], 0.0, true)
m0 = Atom(LessEq, CompositeTerm(Add, [CompositeTerm(Mul, [TermNumber(-1.0), Variable("x1", nothing, 1)]),
                                     CompositeTerm(Mul, [TermNumber(0.004999999999999999), CompositeTerm(Pow, [Variable("x2", nothing, 2), TermNumber(2.0)])])]), 0.0)
t1 = CompositeTerm(Mul, [TermNumber(-0.005000000000000001), Variable("x3", nothing, 3)])
t2 = CompositeTerm(Mul, [TermNumber(-0.1), Variable("x2", nothing, 2)])
t3 = CompositeTerm(Mul, [TermNumber(-1.0), Variable("x1", nothing, 1)])
t4 = CompositeTerm(Mul, [TermNumber(5.0e-5), CompositeTerm(Pow, [Variable("x3", nothing, 3), TermNumber(2.0)])])
t5 = CompositeTerm(Mul, [TermNumber(0.004999999999999999), CompositeTerm(Pow, [Variable("x2", nothing, 2), TermNumber(2.0)])])
t6 = CompositeTerm(Mul, [TermNumber(0.001), Variable("x3", nothing, 3), Variable("x2", nothing, 2)])
t = CompositeTerm(Add, [t1, t2, t3, t4, t5, t6])
f = Atom(Less, t, TermNumber(0.0))
m1 = CompositeFormula(Not, [Atom(Less, CompositeTerm(Add, [CompositeTerm(Pow, [Variable("x2", nothing, 2), TermNumber(2.0)]),
                                        CompositeTerm(Mul, [TermNumber(-2.0), Variable("x3", nothing, 3), Variable("x1", nothing, 1)])
                                        ]), TermNumber(0.0))])
                                        
m2 = Atom(Less, CompositeTerm(Add, [CompositeTerm(Mul, [TermNumber(-1.0), 
                                                        CompositeTerm(Pow, [Variable("x2", nothing, 2),TermNumber(2.0)])
                                                        ]),
                                    CompositeTerm(Mul, [TermNumber(2.0), 
                                                        Variable("x3", nothing, 3),
                                                        Variable("x1", nothing, 1)
                                                        ])
                                    ]),TermNumber(0.0))
m3 = CompositeFormula(Not, [Atom(Less, CompositeTerm(Add, [CompositeTerm(Mul, [TermNumber(-0.1), Variable("x2", nothing, 2)]),
                                        CompositeTerm(Mul, [TermNumber(-1.0), Variable("x1", nothing, 1)]),
                                        CompositeTerm(Mul, [TermNumber(0.004999999999999999), CompositeTerm(Pow, [Variable("x2", nothing, 2), TermNumber(2.0)])])
                                        ]), TermNumber(0.0))])
constraints = [l1,l2,l3,l4,l5,l6,l7,l8,l9,l10,l11,l12,l13,l14,m0,f,m1,m2,m3]

and_ac3a353b26f255aa = true
 | and_b5d7d5d49afda140 = true
 |  | leq_14a6cacc00f2382a = true
 |  |  | add_c9e6ddf1f6a37307 = -6.030000000000003
 |  |  |  | add_783a8bf97b24145a = -9.630000000000003
 |  |  |  |  | mul_c6dc33a1e030f3e0 = -10.080000000000002
 |  |  |  |  |  | const_1.12 = 1.12
 |  |  |  |  |  | x_2 = -9.0
 |  |  |  |  | mul_edb81ad342ae56de = 0.44999999999999996
 |  |  |  |  |  | const_1.0 = 1.0
 |  |  |  |  |  | x_1 = 0.44999999999999996
 |  |  |  | mul_fe271c745ae977df = 3.6
 |  |  |  |  | const_0.04 = 0.04
 |  |  |  |  | x_3 = 90.0
 |  |  | const_30.75 = 30.75
 |  | leq_1cf8156285e8ad3d = true
 |  |  | add_fa166d5358a7f0f4 = 0.44999999999999996
 |  |  |  | mul_9f769635f852cf04 = -0.0
 |  |  |  |  | const_0.0 = 0.0
 |  |  |  |  | x_2 = -9.0
 |  |  |  | mul_edb81ad342ae56de = 0.44999999999999996
 |  |  |  |  | const_1.0 = 1.0
 |  |  |  |  | x_1 = 0.44999999999999996
 |  |  | const_16.38 = 16.38
 |  | leq_2590eadef63b423 = true
 |  |  | add_eb4c47c4f072bd1f = 0.0
 |  |  |  | add_83d0c6c130345444 = -9.0
 |  |  |  |  | mul_7e8fd6200d0f22d9 = -9.0
 |  |  |  |  |  | const_1.0 = 1.0
 |  |  |  |  |  | x_2 = -9.0
 |  |  |  |  | mul_8676dd38f91f87e4 = 0.0
 |  |  |  |  |  | const_0.0 = 0.0
 |  |  |  |  |  | x_1 = 0.44999999999999996
 |  |  |  | mul_ffb5ada01290ed77 = 9.0
 |  |  |  |  | const_0.1 = 0.1
 |  |  |  |  | x_3 = 90.0
 |  |  | const_0.0 = 0.0
 |  | leq_6dcd1dfc6d11a308 = true
 |  |  | add_83d0c6c130345444 = -9.0
 |  |  |  | mul_7e8fd6200d0f22d9 = -9.0
 |  |  |  |  | const_1.0 = 1.0
 |  |  |  |  | x_2 = -9.0
 |  |  |  | mul_8676dd38f91f87e4 = 0.0
 |  |  |  |  | const_0.0 = 0.0
 |  |  |  |  | x_1 = 0.44999999999999996
 |  |  | const_0.0 = 0.0
 |  | leq_764c85c1daeb54d = true
 |  |  | add_360b6aa42be3b3f4 = 17.55
 |  |  |  | mul_bb598528e26d0b2d = -0.44999999999999996
 |  |  |  |  | const_-1.0 = -1.0
 |  |  |  |  | x_1 = 0.44999999999999996
 |  |  |  | mul_e1d7486fee205d64 = 18.0
 |  |  |  |  | const_-2.0 = -2.0
 |  |  |  |  | x_2 = -9.0
 |  |  | const_200.0 = 200.0
 |  | leq_7aaaff304dac0d60 = true
 |  |  | add_de521031ab761df9 = -9.450000000000001
 |  |  |  | mul_edb81ad342ae56de = 0.44999999999999996
 |  |  |  |  | const_1.0 = 1.0
 |  |  |  |  | x_1 = 0.44999999999999996
 |  |  |  | mul_f6529504372a5dee = -9.9
 |  |  |  |  | const_1.1 = 1.1
 |  |  |  |  | x_2 = -9.0
 |  |  | const_0.0 = 0.0
 |  | leq_b1f379d82c79c338 = true
 |  |  | add_650cc2f981755c6e = 0.0
 |  |  |  | add_23819bfbb1529db5 = 9.0
 |  |  |  |  | mul_8676dd38f91f87e4 = 0.0
 |  |  |  |  |  | const_0.0 = 0.0
 |  |  |  |  |  | x_1 = 0.44999999999999996
 |  |  |  |  | mul_e35b0e5644b34626 = 9.0
 |  |  |  |  |  | const_-1.0 = -1.0
 |  |  |  |  |  | x_2 = -9.0
 |  |  |  | mul_96f2ad846795920f = -9.0
 |  |  |  |  | const_-0.1 = -0.1
 |  |  |  |  | x_3 = 90.0
 |  |  | const_0.0 = 0.0
 |  | leq_bdeabaae295ad450 = true
 |  |  | add_388873d87c0723dc = -3430.2780000000002
 |  |  |  | add_e20bee29512cfd67 = -1902.978
 |  |  |  |  | mul_22d7df999d779ddc = -1800.0
 |  |  |  |  |  | const_200.0 = 200.0
 |  |  |  |  |  | x_2 = -9.0
 |  |  |  |  | mul_8a38744640be9ea6 = -102.978
 |  |  |  |  |  | const_-228.84 = -228.84
 |  |  |  |  |  | x_1 = 0.44999999999999996
 |  |  |  | mul_b3632013271fb103 = -1527.3
 |  |  |  |  | const_-16.97 = -16.97
 |  |  |  |  | x_3 = 90.0
 |  |  | const_1373.25 = 1373.25
 |  | leq_cfd88a53bc15b008 = true
 |  |  | add_5a0b3373638c52e1 = -0.04500000000000004
 |  |  |  | mul_5970f261730ad4d0 = 0.4049999999999999
 |  |  |  |  | const_0.004999999999999999 = 0.004999999999999999
 |  |  |  |  | x_2 = -9.0
 |  |  |  |  | x_2 = -9.0
 |  |  |  | mul_bb598528e26d0b2d = -0.44999999999999996
 |  |  |  |  | const_-1.0 = -1.0
 |  |  |  |  | x_1 = 0.44999999999999996
 |  |  | const_0.0 = 0.0
 |  | leq_f7f5894a417096c1 = true
 |  |  | add_23819bfbb1529db5 = 9.0
 |  |  |  | mul_8676dd38f91f87e4 = 0.0
 |  |  |  |  | const_0.0 = 0.0
 |  |  |  |  | x_1 = 0.44999999999999996
 |  |  |  | mul_e35b0e5644b34626 = 9.0
 |  |  |  |  | const_-1.0 = -1.0
 |  |  |  |  | x_2 = -9.0
 |  |  | const_73.19 = 73.19
 |  | lt_107b5afc4b4da10f = true
 |  |  | add_94852fe041da347b = -1.4210854715202004e-14
 |  |  |  | mul_70f5ca959293c20c = 80.99999999999999
 |  |  |  |  | const_2.0 = 2.0
 |  |  |  |  | x_1 = 0.44999999999999996
 |  |  |  |  | x_3 = 90.0
 |  |  |  | mul_7c30d4d9eec30090 = -81.0
 |  |  |  |  | const_-1.0 = -1.0
 |  |  |  |  | x_2 = -9.0
 |  |  |  |  | x_2 = -9.0
 |  |  | const_0.0 = 0.0
 |  | lt_54766541ce070298 = true
 |  |  | add_d984073c2f370afa = 27.9
 |  |  |  | add_1a1fb65cf870a545 = 18.0
 |  |  |  |  | mul_bb598528e26d0b2d = -0.44999999999999996
 |  |  |  |  |  | const_-1.0 = -1.0
 |  |  |  |  |  | x_1 = 0.44999999999999996
 |  |  |  |  | mul_cb0b40182833a99a = 18.45
 |  |  |  |  |  | const_-2.05 = -2.05
 |  |  |  |  |  | x_2 = -9.0
 |  |  |  | mul_61de7af66dad8cf9 = 9.9
 |  |  |  |  | const_0.11 = 0.11
 |  |  |  |  | x_3 = 90.0
 |  |  | const_250.15 = 250.15
 |  | lt_5d1f28d804b02d93 = true
 |  |  | add_75871bc3fba7b7ba = -0.44999999999999996
 |  |  |  | mul_9f769635f852cf04 = -0.0
 |  |  |  |  | const_0.0 = 0.0
 |  |  |  |  | x_2 = -9.0
 |  |  |  | mul_bb598528e26d0b2d = -0.44999999999999996
 |  |  |  |  | const_-1.0 = -1.0
 |  |  |  |  | x_1 = 0.44999999999999996
 |  |  | const_0.0 = 0.0
 |  | lt_7148f8ff84d2e7df = true
 |  |  | add_c591a4b64ad97a1b = 90.0
 |  |  |  | add_be245812b90b87ce = 0.0
 |  |  |  |  | mul_8676dd38f91f87e4 = 0.0
 |  |  |  |  |  | const_0.0 = 0.0
 |  |  |  |  |  | x_1 = 0.44999999999999996
 |  |  |  |  | mul_9f769635f852cf04 = -0.0
 |  |  |  |  |  | const_0.0 = 0.0
 |  |  |  |  |  | x_2 = -9.0
 |  |  |  | mul_5dc1120831c5e8c0 = 90.0
 |  |  |  |  | const_1.0 = 1.0
 |  |  |  |  | x_3 = 90.0
 |  |  | const_100.0 = 100.0
 |  | lt_82ba892b6556e7ca = true
 |  |  | add_4fc3e18041a788ea = -1.1102230246251565e-16
 |  |  |  | add_da69652c2057b48e = 0.8099999999999999
 |  |  |  |  | add_788c0d66925ef1ae = 0.405
 |  |  |  |  |  | add_614850545e8d3f42 = 0.0
 |  |  |  |  |  |  | add_c1f318f5bc490cee = 0.44999999999999996
 |  |  |  |  |  |  |  | mul_a8a2fc7a5b89b8b2 = 0.9
 |  |  |  |  |  |  |  |  | const_-0.1 = -0.1
 |  |  |  |  |  |  |  |  | x_2 = -9.0
 |  |  |  |  |  |  |  | mul_fea71b36475e5e82 = -0.45000000000000007
 |  |  |  |  |  |  |  |  | const_-0.005000000000000001 = -0.005000000000000001
 |  |  |  |  |  |  |  |  | x_3 = 90.0
 |  |  |  |  |  |  | mul_bb598528e26d0b2d = -0.44999999999999996
 |  |  |  |  |  |  |  | const_-1.0 = -1.0
 |  |  |  |  |  |  |  | x_1 = 0.44999999999999996
 |  |  |  |  |  | mul_d75debb15b50f323 = 0.405
 |  |  |  |  |  |  | mul_fd1211097f300e8 = 8100.0
 |  |  |  |  |  |  |  | x_3 = 90.0
 |  |  |  |  |  |  |  | x_3 = 90.0
 |  |  |  |  |  |  | rdiv_89cee75314b0c469 = 5.0e-5
 |  |  |  |  |  |  |  | const_5.0 = 5.0
 |  |  |  |  |  |  |  | mul_d44bc6ae4d19e39a = 100000.0
 |  |  |  |  |  |  |  |  | const_100000.0 = 100000.0
 |  |  |  |  |  |  |  |  | t_shield = 1.0
 |  |  |  |  | mul_5970f261730ad4d0 = 0.4049999999999999
 |  |  |  |  |  | const_0.004999999999999999 = 0.004999999999999999
 |  |  |  |  |  | x_2 = -9.0
 |  |  |  |  |  | x_2 = -9.0
 |  |  |  | mul_1ebfab3e279eca7e = -0.81
 |  |  |  |  | const_0.001 = 0.001
 |  |  |  |  | x_2 = -9.0
 |  |  |  |  | x_3 = 90.0
 |  |  | const_0.0 = 0.0
 |  | lt_aa5cda7032b8e6a5 = true
 |  |  | add_cb456af10b267e2e = -90.0
 |  |  |  | add_be245812b90b87ce = 0.0
 |  |  |  |  | mul_8676dd38f91f87e4 = 0.0
 |  |  |  |  |  | const_0.0 = 0.0
 |  |  |  |  |  | x_1 = 0.44999999999999996
 |  |  |  |  | mul_9f769635f852cf04 = -0.0
 |  |  |  |  |  | const_0.0 = 0.0
 |  |  |  |  |  | x_2 = -9.0
 |  |  |  | mul_3fe9e44e36930cbe = -90.0
 |  |  |  |  | const_-1.0 = -1.0
 |  |  |  |  | x_3 = 90.0
 |  |  | const_0.0 = 0.0
 |  | lt_bdeabaae295ad450 = true
 |  |  | add_388873d87c0723dc = -3430.2780000000002
 |  |  |  | add_e20bee29512cfd67 = -1902.978
 |  |  |  |  | mul_22d7df999d779ddc = -1800.0
 |  |  |  |  |  | const_200.0 = 200.0
 |  |  |  |  |  | x_2 = -9.0
 |  |  |  |  | mul_8a38744640be9ea6 = -102.978
 |  |  |  |  |  | const_-228.84 = -228.84
 |  |  |  |  |  | x_1 = 0.44999999999999996
 |  |  |  | mul_b3632013271fb103 = -1527.3
 |  |  |  |  | const_-16.97 = -16.97
 |  |  |  |  | x_3 = 90.0
 |  |  | const_1373.25 = 1373.25
 |  | not_b25d2eea1ddd540c = true
 |  |  | lt_e5d1d1e037444f01 = false
 |  |  |  | add_ad0996446ee2a37a = 0.855
 |  |  |  |  | add_6c392208a2829703 = 0.45000000000000007
 |  |  |  |  |  | mul_a8a2fc7a5b89b8b2 = 0.9
 |  |  |  |  |  |  | const_-0.1 = -0.1
 |  |  |  |  |  |  | x_2 = -9.0
 |  |  |  |  |  | mul_bb598528e26d0b2d = -0.44999999999999996
 |  |  |  |  |  |  | const_-1.0 = -1.0
 |  |  |  |  |  |  | x_1 = 0.44999999999999996
 |  |  |  |  | mul_5970f261730ad4d0 = 0.4049999999999999
 |  |  |  |  |  | const_0.004999999999999999 = 0.004999999999999999
 |  |  |  |  |  | x_2 = -9.0
 |  |  |  |  |  | x_2 = -9.0
 |  |  |  | const_0.0 = 0.0
 |  | not_f8aea806e52a53e6 = true
 |  |  | lt_2f7b2d3249b355f = false
 |  |  |  | add_233e5fdf03f3d628 = 1.4210854715202004e-14
 |  |  |  |  | mul_1cf7722f42c414c3 = 81.0
 |  |  |  |  |  | x_2 = -9.0
 |  |  |  |  |  | x_2 = -9.0
 |  |  |  |  | mul_82224893858e9344 = -80.99999999999999
 |  |  |  |  |  | const_-2.0 = -2.0
 |  |  |  |  |  | x_1 = 0.44999999999999996
 |  |  |  |  |  | x_3 = 90.0
 |  |  |  | const_0.0 = 0.0
 | eq_cde4ea72d9ec9307 = true
 |  | t_shield = 1.0
 |  | const_1.0 = 1.0










E3

x1 = 0.45
x2 = -9.0
x3 = 90.0

list = [1.0*x1<=16.38,
-1.0*x2<=73.19,
-1.0*x1<0.0, 
1.0*x3<100.0, 
-1.0*x3<0.0, 
-1.0*x2-0.1*x3<=0.0, 
1.0*x2+0.1*x3<=0.0, 
1.0*x2<=0.0, 
-1.0*x1-2.0*x2<=200.0, 
1.0*x1+1.12*x2+0.04*x3<=30.75,
-1.0*x1-2.05*x2+0.11*x3<250.15, 
-228.84*x1+200.0*x2-16.97*x3<=1373.25, 
-228.84*x1+200.0*x2-16.97*x3<1373.25, 
1.0*x1+1.1*x2<=0.0, 
(-1.0*x1)+(0.004999999999999999*(x2^2.0))<=0.0,
(-0.005000000000000001*x3)+(-0.1*x2)+(-1.0*x1)+(5.0e-5*(x3^2.0))+(0.004999999999999999*(x2^2.0))+(0.001*x3*x2)<0.0, 
!((x2^2.0)+(-2.0*x3*x1)<0.0),
!(((-1.0*(x2^2.0))+(2.0*x3*x1))<0.0), 
!(((-0.1*x2)+(-1.0*x1)+(0.004999999999999999*(x2^2.0)))<0.0)
]
for (i,l) in enumerate(list)
   println("Constraint $i: $l")
end

l1 = LinearConstraint([1,0], 16.38, true)
l2 = LinearConstraint([0,-1], 73.19, true)
l3 = LinearConstraint([-1,0], 0.0, false)
l4 = LinearConstraint([0,0,1], 100.0, false)
l5 = LinearConstraint([0,0,-1], 0.0, false)
l6 = LinearConstraint([0,-1,-0.1], 0.0, true)
l7 = LinearConstraint([0,1,0.1], 0.0, true)
l8 = LinearConstraint([0,1], 0.0, true)
l9 = LinearConstraint([-1,-2], 200.0, true)
l10 = LinearConstraint([1,1.12,0.04], 30.75, true)
l11 = LinearConstraint([-1,-2.05,0.11], 250.15, false)
l12 = LinearConstraint([-228.84,200.0,-16.97], 1373.25, true)
l13 = LinearConstraint([-228.84,200.0,-16.97], 1373.25, false)
l14 = LinearConstraint([1,1.1], 0.0, true)
m0 = Atom(LessEq, CompositeTerm(Add, [CompositeTerm(Mul, [TermNumber(-1.0), Variable("x1", nothing, 1)]),
                                     CompositeTerm(Mul, [TermNumber(0.004999999999999999), CompositeTerm(Pow, [Variable("x2", nothing, 2), TermNumber(2.0)])])]), 0.0)
t1 = CompositeTerm(Mul, [TermNumber(-0.005000000000000001), Variable("x3", nothing, 3)])
t2 = CompositeTerm(Mul, [TermNumber(-0.1), Variable("x2", nothing, 2)])
t3 = CompositeTerm(Mul, [TermNumber(-1.0), Variable("x1", nothing, 1)])
t4 = CompositeTerm(Mul, [TermNumber(5.0e-5), CompositeTerm(Pow, [Variable("x3", nothing, 3), TermNumber(2.0)])])
t5 = CompositeTerm(Mul, [TermNumber(0.004999999999999999), CompositeTerm(Pow, [Variable("x2", nothing, 2), TermNumber(2.0)])])
t6 = CompositeTerm(Mul, [TermNumber(0.001), Variable("x3", nothing, 3), Variable("x2", nothing, 2)])
t = CompositeTerm(Add, [t1, t2, t3, t4, t5, t6])
f = Atom(Less, t, TermNumber(0.0))
m1 = CompositeFormula(Not, [Atom(Less, CompositeTerm(Add, [CompositeTerm(Pow, [Variable("x2", nothing, 2), TermNumber(2.0)]),
                                        CompositeTerm(Mul, [TermNumber(-2.0), Variable("x3", nothing, 3), Variable("x1", nothing, 1)])
                                        ]), TermNumber(0.0))])
m2 = CompositeFormula(Not, [Atom(Less, CompositeTerm(Add, [CompositeTerm(Mul, [TermNumber(-1.0), 
                                                        CompositeTerm(Pow, [Variable("x2", nothing, 2),TermNumber(2.0)])
                                                        ]),
                                    CompositeTerm(Mul, [TermNumber(2.0), 
                                                        Variable("x3", nothing, 3),
                                                        Variable("x1", nothing, 1)
                                                        ])
                                    ]),TermNumber(0.0))])
m3 = CompositeFormula(Not, [Atom(Less, CompositeTerm(Add, [CompositeTerm(Mul, [TermNumber(-0.1), Variable("x2", nothing, 2)]),
                                        CompositeTerm(Mul, [TermNumber(-1.0), Variable("x1", nothing, 1)]),
                                        CompositeTerm(Mul, [TermNumber(0.004999999999999999), CompositeTerm(Pow, [Variable("x2", nothing, 2), TermNumber(2.0)])])
                                        ]), TermNumber(0.0))])
constraints = [l1,l2,l3,l4,l5,l6,l7,l8,l9,l10,l11,l12,l13,l14,m0,f,m1,m2,m3]

julia> expr
and_8b124e10b7d5dbda = true
 | and_a323e8368964f958 = true
 |  | leq_14a6cacc00f2382a = true
 |  |  | add_c9e6ddf1f6a37307 = -6.030000000000003
 |  |  |  | add_783a8bf97b24145a = -9.630000000000003
 |  |  |  |  | mul_c6dc33a1e030f3e0 = -10.080000000000002
 |  |  |  |  |  | const_1.12 = 1.12
 |  |  |  |  |  | x_2 = -9.0
 |  |  |  |  | mul_edb81ad342ae56de = 0.45
 |  |  |  |  |  | const_1.0 = 1.0
 |  |  |  |  |  | x_1 = 0.45
 |  |  |  | mul_fe271c745ae977df = 3.6
 |  |  |  |  | const_0.04 = 0.04
 |  |  |  |  | x_3 = 90.0
 |  |  | const_30.75 = 30.75
 |  | leq_1cf8156285e8ad3d = true
 |  |  | add_fa166d5358a7f0f4 = 0.45
 |  |  |  | mul_9f769635f852cf04 = -0.0
 |  |  |  |  | const_0.0 = 0.0
 |  |  |  |  | x_2 = -9.0
 |  |  |  | mul_edb81ad342ae56de = 0.45
 |  |  |  |  | const_1.0 = 1.0
 |  |  |  |  | x_1 = 0.45
 |  |  | const_16.38 = 16.38
 |  | leq_2590eadef63b423 = true
 |  |  | add_eb4c47c4f072bd1f = 0.0
 |  |  |  | add_83d0c6c130345444 = -9.0
 |  |  |  |  | mul_7e8fd6200d0f22d9 = -9.0
 |  |  |  |  |  | const_1.0 = 1.0
 |  |  |  |  |  | x_2 = -9.0
 |  |  |  |  | mul_8676dd38f91f87e4 = 0.0
 |  |  |  |  |  | const_0.0 = 0.0
 |  |  |  |  |  | x_1 = 0.45
 |  |  |  | mul_ffb5ada01290ed77 = 9.0
 |  |  |  |  | const_0.1 = 0.1
 |  |  |  |  | x_3 = 90.0
 |  |  | const_0.0 = 0.0
 |  | leq_6dcd1dfc6d11a308 = true
 |  |  | add_83d0c6c130345444 = -9.0
 |  |  |  | mul_7e8fd6200d0f22d9 = -9.0
 |  |  |  |  | const_1.0 = 1.0
 |  |  |  |  | x_2 = -9.0
 |  |  |  | mul_8676dd38f91f87e4 = 0.0
 |  |  |  |  | const_0.0 = 0.0
 |  |  |  |  | x_1 = 0.45
 |  |  | const_0.0 = 0.0
 |  | leq_764c85c1daeb54d = true
 |  |  | add_360b6aa42be3b3f4 = 17.55
 |  |  |  | mul_bb598528e26d0b2d = -0.45
 |  |  |  |  | const_-1.0 = -1.0
 |  |  |  |  | x_1 = 0.45
 |  |  |  | mul_e1d7486fee205d64 = 18.0
 |  |  |  |  | const_-2.0 = -2.0
 |  |  |  |  | x_2 = -9.0
 |  |  | const_200.0 = 200.0
 |  | leq_7aaaff304dac0d60 = true
 |  |  | add_de521031ab761df9 = -9.450000000000001
 |  |  |  | mul_edb81ad342ae56de = 0.45
 |  |  |  |  | const_1.0 = 1.0
 |  |  |  |  | x_1 = 0.45
 |  |  |  | mul_f6529504372a5dee = -9.9
 |  |  |  |  | const_1.1 = 1.1
 |  |  |  |  | x_2 = -9.0
 |  |  | const_0.0 = 0.0
 |  | leq_b1f379d82c79c338 = true
 |  |  | add_650cc2f981755c6e = 0.0
 |  |  |  | add_23819bfbb1529db5 = 9.0
 |  |  |  |  | mul_8676dd38f91f87e4 = 0.0
 |  |  |  |  |  | const_0.0 = 0.0
 |  |  |  |  |  | x_1 = 0.45
 |  |  |  |  | mul_e35b0e5644b34626 = 9.0
 |  |  |  |  |  | const_-1.0 = -1.0
 |  |  |  |  |  | x_2 = -9.0
 |  |  |  | mul_96f2ad846795920f = -9.0
 |  |  |  |  | const_-0.1 = -0.1
 |  |  |  |  | x_3 = 90.0
 |  |  | const_0.0 = 0.0
 |  | leq_bdeabaae295ad450 = true
 |  |  | add_388873d87c0723dc = -3430.2780000000002
 |  |  |  | add_e20bee29512cfd67 = -1902.978
 |  |  |  |  | mul_22d7df999d779ddc = -1800.0
 |  |  |  |  |  | const_200.0 = 200.0
 |  |  |  |  |  | x_2 = -9.0
 |  |  |  |  | mul_8a38744640be9ea6 = -102.97800000000001
 |  |  |  |  |  | const_-228.84 = -228.84
 |  |  |  |  |  | x_1 = 0.45
 |  |  |  | mul_b3632013271fb103 = -1527.3
 |  |  |  |  | const_-16.97 = -16.97
 |  |  |  |  | x_3 = 90.0
 |  |  | const_1373.25 = 1373.25
 |  | leq_cfd88a53bc15b008 = true
 |  |  | add_5a0b3373638c52e1 = -0.045000000000000095
 |  |  |  | mul_5970f261730ad4d0 = 0.4049999999999999
 |  |  |  |  | const_0.004999999999999999 = 0.004999999999999999
 |  |  |  |  | x_2 = -9.0
 |  |  |  |  | x_2 = -9.0
 |  |  |  | mul_bb598528e26d0b2d = -0.45
 |  |  |  |  | const_-1.0 = -1.0
 |  |  |  |  | x_1 = 0.45
 |  |  | const_0.0 = 0.0
 |  | leq_f7f5894a417096c1 = true
 |  |  | add_23819bfbb1529db5 = 9.0
 |  |  |  | mul_8676dd38f91f87e4 = 0.0
 |  |  |  |  | const_0.0 = 0.0
 |  |  |  |  | x_1 = 0.45
 |  |  |  | mul_e35b0e5644b34626 = 9.0
 |  |  |  |  | const_-1.0 = -1.0
 |  |  |  |  | x_2 = -9.0
 |  |  | const_73.19 = 73.19
 |  | lt_54766541ce070298 = true
 |  |  | add_d984073c2f370afa = 27.9
 |  |  |  | add_1a1fb65cf870a545 = 18.0
 |  |  |  |  | mul_bb598528e26d0b2d = -0.45
 |  |  |  |  |  | const_-1.0 = -1.0
 |  |  |  |  |  | x_1 = 0.45
 |  |  |  |  | mul_cb0b40182833a99a = 18.45
 |  |  |  |  |  | const_-2.05 = -2.05
 |  |  |  |  |  | x_2 = -9.0
 |  |  |  | mul_61de7af66dad8cf9 = 9.9
 |  |  |  |  | const_0.11 = 0.11
 |  |  |  |  | x_3 = 90.0
 |  |  | const_250.15 = 250.15
 |  | lt_5d1f28d804b02d93 = true
 |  |  | add_75871bc3fba7b7ba = -0.45
 |  |  |  | mul_9f769635f852cf04 = -0.0
 |  |  |  |  | const_0.0 = 0.0
 |  |  |  |  | x_2 = -9.0
 |  |  |  | mul_bb598528e26d0b2d = -0.45
 |  |  |  |  | const_-1.0 = -1.0
 |  |  |  |  | x_1 = 0.45
 |  |  | const_0.0 = 0.0
 |  | lt_7148f8ff84d2e7df = true
 |  |  | add_c591a4b64ad97a1b = 90.0
 |  |  |  | add_be245812b90b87ce = 0.0
 |  |  |  |  | mul_8676dd38f91f87e4 = 0.0
 |  |  |  |  |  | const_0.0 = 0.0
 |  |  |  |  |  | x_1 = 0.45
 |  |  |  |  | mul_9f769635f852cf04 = -0.0
 |  |  |  |  |  | const_0.0 = 0.0
 |  |  |  |  |  | x_2 = -9.0
 |  |  |  | mul_5dc1120831c5e8c0 = 90.0
 |  |  |  |  | const_1.0 = 1.0
 |  |  |  |  | x_3 = 90.0
 |  |  | const_100.0 = 100.0
 |  | lt_82ba892b6556e7ca = true
 |  |  | add_4fc3e18041a788ea = -2.220446049250313e-16
 |  |  |  | add_da69652c2057b48e = 0.8099999999999998
 |  |  |  |  | add_788c0d66925ef1ae = 0.40499999999999997
 |  |  |  |  |  | add_614850545e8d3f42 = -5.551115123125783e-17
 |  |  |  |  |  |  | add_c1f318f5bc490cee = 0.44999999999999996
 |  |  |  |  |  |  |  | mul_a8a2fc7a5b89b8b2 = 0.9
 |  |  |  |  |  |  |  |  | const_-0.1 = -0.1
 |  |  |  |  |  |  |  |  | x_2 = -9.0
 |  |  |  |  |  |  |  | mul_fea71b36475e5e82 = -0.45000000000000007
 |  |  |  |  |  |  |  |  | const_-0.005000000000000001 = -0.005000000000000001
 |  |  |  |  |  |  |  |  | x_3 = 90.0
 |  |  |  |  |  |  | mul_bb598528e26d0b2d = -0.45
 |  |  |  |  |  |  |  | const_-1.0 = -1.0
 |  |  |  |  |  |  |  | x_1 = 0.45
 |  |  |  |  |  | mul_d75debb15b50f323 = 0.405
 |  |  |  |  |  |  | mul_fd1211097f300e8 = 8100.0
 |  |  |  |  |  |  |  | x_3 = 90.0
 |  |  |  |  |  |  |  | x_3 = 90.0
 |  |  |  |  |  |  | rdiv_89cee75314b0c469 = 5.0e-5
 |  |  |  |  |  |  |  | const_5.0 = 5.0
 |  |  |  |  |  |  |  | mul_d44bc6ae4d19e39a = 100000.0
 |  |  |  |  |  |  |  |  | const_100000.0 = 100000.0
 |  |  |  |  |  |  |  |  | t_shield = 1.0
 |  |  |  |  | mul_5970f261730ad4d0 = 0.4049999999999999
 |  |  |  |  |  | const_0.004999999999999999 = 0.004999999999999999
 |  |  |  |  |  | x_2 = -9.0
 |  |  |  |  |  | x_2 = -9.0
 |  |  |  | mul_1ebfab3e279eca7e = -0.81
 |  |  |  |  | const_0.001 = 0.001
 |  |  |  |  | x_2 = -9.0
 |  |  |  |  | x_3 = 90.0
 |  |  | const_0.0 = 0.0
 |  | lt_aa5cda7032b8e6a5 = true
 |  |  | add_cb456af10b267e2e = -90.0
 |  |  |  | add_be245812b90b87ce = 0.0
 |  |  |  |  | mul_8676dd38f91f87e4 = 0.0
 |  |  |  |  |  | const_0.0 = 0.0
 |  |  |  |  |  | x_1 = 0.45
 |  |  |  |  | mul_9f769635f852cf04 = -0.0
 |  |  |  |  |  | const_0.0 = 0.0
 |  |  |  |  |  | x_2 = -9.0
 |  |  |  | mul_3fe9e44e36930cbe = -90.0
 |  |  |  |  | const_-1.0 = -1.0
 |  |  |  |  | x_3 = 90.0
 |  |  | const_0.0 = 0.0
 |  | lt_bdeabaae295ad450 = true
 |  |  | add_388873d87c0723dc = -3430.2780000000002
 |  |  |  | add_e20bee29512cfd67 = -1902.978
 |  |  |  |  | mul_22d7df999d779ddc = -1800.0
 |  |  |  |  |  | const_200.0 = 200.0
 |  |  |  |  |  | x_2 = -9.0
 |  |  |  |  | mul_8a38744640be9ea6 = -102.97800000000001
 |  |  |  |  |  | const_-228.84 = -228.84
 |  |  |  |  |  | x_1 = 0.45
 |  |  |  | mul_b3632013271fb103 = -1527.3
 |  |  |  |  | const_-16.97 = -16.97
 |  |  |  |  | x_3 = 90.0
 |  |  | const_1373.25 = 1373.25
 |  | not_93eff67c26fef02 = true
 |  |  | lt_107b5afc4b4da10f = false
 |  |  |  | add_94852fe041da347b = 0.0
 |  |  |  |  | mul_70f5ca959293c20c = 81.0
 |  |  |  |  |  | const_2.0 = 2.0
 |  |  |  |  |  | x_1 = 0.45
 |  |  |  |  |  | x_3 = 90.0
 |  |  |  |  | mul_7c30d4d9eec30090 = -81.0
 |  |  |  |  |  | const_-1.0 = -1.0
 |  |  |  |  |  | x_2 = -9.0
 |  |  |  |  |  | x_2 = -9.0
 |  |  |  | const_0.0 = 0.0
 |  | not_b25d2eea1ddd540c = true
 |  |  | lt_e5d1d1e037444f01 = false
 |  |  |  | add_ad0996446ee2a37a = 0.855
 |  |  |  |  | add_6c392208a2829703 = 0.45
 |  |  |  |  |  | mul_a8a2fc7a5b89b8b2 = 0.9
 |  |  |  |  |  |  | const_-0.1 = -0.1
 |  |  |  |  |  |  | x_2 = -9.0
 |  |  |  |  |  | mul_bb598528e26d0b2d = -0.45
 |  |  |  |  |  |  | const_-1.0 = -1.0
 |  |  |  |  |  |  | x_1 = 0.45
 |  |  |  |  | mul_5970f261730ad4d0 = 0.4049999999999999
 |  |  |  |  |  | const_0.004999999999999999 = 0.004999999999999999
 |  |  |  |  |  | x_2 = -9.0
 |  |  |  |  |  | x_2 = -9.0
 |  |  |  | const_0.0 = 0.0
 |  | not_f8aea806e52a53e6 = true
 |  |  | lt_2f7b2d3249b355f = false
 |  |  |  | add_233e5fdf03f3d628 = 0.0
 |  |  |  |  | mul_1cf7722f42c414c3 = 81.0
 |  |  |  |  |  | x_2 = -9.0
 |  |  |  |  |  | x_2 = -9.0
 |  |  |  |  | mul_82224893858e9344 = -81.0
 |  |  |  |  |  | const_-2.0 = -2.0
 |  |  |  |  |  | x_1 = 0.45
 |  |  |  |  |  | x_3 = 90.0
 |  |  |  | const_0.0 = 0.0
 | eq_cde4ea72d9ec9307 = true
 |  | t_shield = 1.0
 |  | const_1.0 = 1.0
